
> granaderos-web@0.4.0-dev.1 build
> vinext build


  vinext build  (Vite 8.0.13)

[1/5] analyze client references...
[2Ktransforming...✓ 224 modules transformed.
rendering chunks...
✓ built in 2.80s
[2/5] analyze server references...
[2Ktransforming...✓ 864 modules transformed.
rendering chunks...
✓ built in 1.57s
[3/5] build rsc environment...
[2Ktransforming...✓ 221 modules transformed.
rendering chunks...
computing gzip size...
✓ built in 2.41s
[4/5] build client environment...
[2Ktransforming...✓ 2655 modules transformed.
rendering chunks...
computing gzip size...
[plugin builtin:vite-reporter] 
(!) Some chunks are larger than 500 kB after minification. Consider:
- Using dynamic import() to code-split the application
- Use build.rolldownOptions.output.codeSplitting to improve chunking: https://rolldown.rs/reference/OutputOptions.codeSplitting
- Adjust chunk size limit for this warning via build.chunkSizeWarningLimit.
✓ built in 2.19s
[5/5] build ssr environment...
[2Ktransforming...✓ 867 modules transformed.
rendering chunks...
computing gzip size...
✓ built in 893ms
[0m  Pre-rendering all routes (output: 'export')...
[vinext] Production server for prerendering running at http://127.0.0.1:62916
  Prerendered 6 routes (0 skipped).
  Discovered 5 CDN warmup path(s).
[0m
  Route (app)
  ┌ ○ /                
  ├ ○ /editor          
  ├ ○ /graphics-review 
  ├ ○ /renderer-sandbox
  └ ○ /story           

  ○ Static

  ○ Routes marked static were confirmed by speculative prerender (attempted render
    succeeded without dynamic API usage).

  Build complete. Run `vinext start` to start the production server.

Static export verified: 1377 files, 1045 asset references, staged in dist/.
Game and editor build: 0.4.0-dev.1 · 683a2829961b
